// Jest Snapshot v1, https://goo.gl/fbAQLP

exports[`ItemReplaceModal renders correctly: ItemReplaceModal 1`] = `
<body>
  <div>
    <div
      class="modal-container"
    >
      <div
        class="rpgui-container container framed framed-golden modal"
      >
        <div
          class="modal-header"
        >
          <button
            class="icon-button large dismiss-button"
          >
            <svg
              fill="none"
              viewBox="0 0 24 24"
              xmlns="http://www.w3.org/2000/svg"
            >
              <path
                d="M5 5h2v2H5V5zm4 4H7V7h2v2zm2 2H9V9h2v2zm2 0h-2v2H9v2H7v2H5v2h2v-2h2v-2h2v-2h2v2h2v2h2v2h2v-2h-2v-2h-2v-2h-2v-2zm2-2v2h-2V9h2zm2-2v2h-2V7h2zm0 0V5h2v2h-2z"
                fill="currentColor"
              />
            </svg>
          </button>
          <h2>
            Replace Item
          </h2>
          <hr
            class="separator"
          />
        </div>
        <div
          class="modal-body"
        >
          <div
            class="item-replace-modal"
          >
            <p>
              Do you want to replace the current item:
            </p>
            <div
              class="item-container"
            >
              <div
                class="rpgui-icon test-icon item-icon"
              />
              <div
                class="item-content"
              >
                <p
                  class="item-title"
                >
                  Test Item
                </p>
                <p
                  class="item-subtitle"
                >
                  <i>
                    Common
                  </i>
                </p>
                <p
                  class="item-description"
                >
                  STR:10
                </p>
              </div>
            </div>
            <hr
              class="separator golden"
            />
            <p>
              New item:
            </p>
            <div
              class="item-container"
            >
              <div
                class="rpgui-icon test-icon item-icon"
              />
              <div
                class="item-content"
              >
                <p
                  class="item-title"
                >
                  Test Item
                </p>
                <p
                  class="item-subtitle"
                >
                  <i>
                    Common
                  </i>
                </p>
                <p
                  class="item-description"
                >
                  STR:10
                </p>
              </div>
            </div>
          </div>
        </div>
        <div
          class="modal-footer"
        >
          <hr
            class="separator"
          />
          <button
            class="rpgui-button btn"
          >
            Replace
          </button>
        </div>
      </div>
      <div
        class="modal-background"
      />
    </div>
  </div>
</body>
`;
