// Jest Snapshot v1, https://goo.gl/fbAQLP

exports[`ItemRadioButton renders correctly: ItemRadioButton 1`] = `
<body>
  <div>
    <input
      class="rpgui-radio golden"
      id="test-id"
      name="radio-golden"
      type="radio"
      value="test-id"
    />
    <label
      class="item-radio-label"
      for="test-id"
    >
      <div
        class="item-container"
      >
        <div
          class="rpgui-icon test-icon item-icon"
        />
        <div
          class="item-content"
        >
          <p
            class="item-title"
          >
            test-title
          </p>
          <p
            class="item-subtitle"
          >
            <i>
              test-subtitle
            </i>
          </p>
          <p
            class="item-description"
          >
            test-description
          </p>
        </div>
      </div>
    </label>
  </div>
</body>
`;
