// Jest Snapshot v1, https://goo.gl/fbAQLP

exports[`RpgSeparator does not apply golden class when golden prop is false: RpgSeparator not golden 1`] = `
<body>
  <div>
    <hr
      class="separator golden"
    />
  </div>
</body>
`;

exports[`RpgSeparator renders correctly: RpgSeparator 1`] = `
<body>
  <div>
    <hr
      class="separator golden"
    />
  </div>
</body>
`;
