// Jest Snapshot v1, https://goo.gl/fbAQLP

exports[`EditStatsPanel renders the correct number of attributes 1`] = `
<div
  className="rpgui-container container framed framed-golden attribute-container"
  style={Object {}}
>
  <h2>
    Attributes
  </h2>
  <p>
    Available points: 
    10
  </p>
  <hr
    className="separator"
  />
  <div
    className="attribute"
  >
    <p>
      Strength
    </p>
    <div
      className="attr-controller"
    >
      <button
        className="icon-button medium"
        disabled={true}
        onClick={[Function]}
      >
        <svg
          fill="currentColor"
          id="Minus"
          viewBox="0 0 24 24"
          xmlns="http://www.w3.org/2000/svg"
        >
          <rect
            height="2"
            width="22"
            x="1"
            y="11"
          />
        </svg>
      </button>
      <p>
        0
      </p>
      <button
        className="icon-button medium"
        disabled={false}
        onClick={[Function]}
      >
        <svg
          fill="currentColor"
          id="Plus"
          viewBox="0 0 24 24"
          xmlns="http://www.w3.org/2000/svg"
        >
          <polygon
            points="23 11 23 13 13 13 13 23 11 23 11 13 1 13 1 11 11 11 11 1 13 1 13 11 23 11"
          />
        </svg>
      </button>
    </div>
  </div>
  <div
    className="attribute"
  >
    <p>
      Agility
    </p>
    <div
      className="attr-controller"
    >
      <button
        className="icon-button medium"
        disabled={true}
        onClick={[Function]}
      >
        <svg
          fill="currentColor"
          id="Minus"
          viewBox="0 0 24 24"
          xmlns="http://www.w3.org/2000/svg"
        >
          <rect
            height="2"
            width="22"
            x="1"
            y="11"
          />
        </svg>
      </button>
      <p>
        0
      </p>
      <button
        className="icon-button medium"
        disabled={false}
        onClick={[Function]}
      >
        <svg
          fill="currentColor"
          id="Plus"
          viewBox="0 0 24 24"
          xmlns="http://www.w3.org/2000/svg"
        >
          <polygon
            points="23 11 23 13 13 13 13 23 11 23 11 13 1 13 1 11 11 11 11 1 13 1 13 11 23 11"
          />
        </svg>
      </button>
    </div>
  </div>
</div>
`;
