// Jest Snapshot v1, https://goo.gl/fbAQLP

exports[`DamageIndicator renders correctly: DamageIndicator 1`] = `
<body>
  <div>
    <p
      class="message hit"
    >
      -10
    </p>
    <p
      class="message critical"
    >
      CRITICAL! -20
    </p>
    <p
      class="message evaded"
    >
      Evaded
    </p>
    <p
      class="message missed"
    >
      Missed
    </p>
  </div>
</body>
`;
