// Jest Snapshot v1, https://goo.gl/fbAQLP

exports[`NewCharacter renders correctly: NewCharacter 1`] = `
<body>
  <div>
    <div
      class="rpgui-container container framed full-page scrollable"
    >
      <button
        class="icon-button large align-self-start"
      >
        <svg
          fill="none"
          viewBox="0 0 24 24"
          xmlns="http://www.w3.org/2000/svg"
        >
          <path
            d="M20 11v2H8v2H6v-2H4v-2h2V9h2v2h12zM10 7H8v2h2V7zm0 0h2V5h-2v2zm0 10H8v-2h2v2zm0 0h2v2h-2v-2z"
            fill="currentColor"
          />
        </svg>
      </button>
      <h1>
        New Character
      </h1>
      <input
        placeholder="Name"
        type="text"
        value=""
      />
      <hr
        class="separator golden"
      />
      <div
        class="rpgui-container container framed framed-golden attribute-container"
      >
        <h2>
          Attributes
        </h2>
        <p>
          Available points: 
          2
        </p>
        <hr
          class="separator"
        />
        <div
          class="attribute"
        >
          <p>
            Health
          </p>
          <div
            class="attr-controller"
          >
            <button
              class="icon-button medium "
              disabled=""
            >
              <svg
                fill="currentColor"
                id="Minus"
                viewBox="0 0 24 24"
                xmlns="http://www.w3.org/2000/svg"
              >
                <rect
                  height="2"
                  width="22"
                  x="1"
                  y="11"
                />
              </svg>
            </button>
            <p>
              1
            </p>
            <button
              class="icon-button medium "
            >
              <svg
                fill="currentColor"
                id="Plus"
                viewBox="0 0 24 24"
                xmlns="http://www.w3.org/2000/svg"
              >
                <polygon
                  points="23 11 23 13 13 13 13 23 11 23 11 13 1 13 1 11 11 11 11 1 13 1 13 11 23 11"
                />
              </svg>
            </button>
          </div>
        </div>
        <div
          class="attribute"
        >
          <p>
            Strength
          </p>
          <div
            class="attr-controller"
          >
            <button
              class="icon-button medium "
              disabled=""
            >
              <svg
                fill="currentColor"
                id="Minus"
                viewBox="0 0 24 24"
                xmlns="http://www.w3.org/2000/svg"
              >
                <rect
                  height="2"
                  width="22"
                  x="1"
                  y="11"
                />
              </svg>
            </button>
            <p>
              1
            </p>
            <button
              class="icon-button medium "
            >
              <svg
                fill="currentColor"
                id="Plus"
                viewBox="0 0 24 24"
                xmlns="http://www.w3.org/2000/svg"
              >
                <polygon
                  points="23 11 23 13 13 13 13 23 11 23 11 13 1 13 1 11 11 11 11 1 13 1 13 11 23 11"
                />
              </svg>
            </button>
          </div>
        </div>
        <div
          class="attribute"
        >
          <p>
            Agility
          </p>
          <div
            class="attr-controller"
          >
            <button
              class="icon-button medium "
              disabled=""
            >
              <svg
                fill="currentColor"
                id="Minus"
                viewBox="0 0 24 24"
                xmlns="http://www.w3.org/2000/svg"
              >
                <rect
                  height="2"
                  width="22"
                  x="1"
                  y="11"
                />
              </svg>
            </button>
            <p>
              1
            </p>
            <button
              class="icon-button medium "
            >
              <svg
                fill="currentColor"
                id="Plus"
                viewBox="0 0 24 24"
                xmlns="http://www.w3.org/2000/svg"
              >
                <polygon
                  points="23 11 23 13 13 13 13 23 11 23 11 13 1 13 1 11 11 11 11 1 13 1 13 11 23 11"
                />
              </svg>
            </button>
          </div>
        </div>
        <div
          class="attribute"
        >
          <p>
            Precision
          </p>
          <div
            class="attr-controller"
          >
            <button
              class="icon-button medium "
              disabled=""
            >
              <svg
                fill="currentColor"
                id="Minus"
                viewBox="0 0 24 24"
                xmlns="http://www.w3.org/2000/svg"
              >
                <rect
                  height="2"
                  width="22"
                  x="1"
                  y="11"
                />
              </svg>
            </button>
            <p>
              1
            </p>
            <button
              class="icon-button medium "
            >
              <svg
                fill="currentColor"
                id="Plus"
                viewBox="0 0 24 24"
                xmlns="http://www.w3.org/2000/svg"
              >
                <polygon
                  points="23 11 23 13 13 13 13 23 11 23 11 13 1 13 1 11 11 11 11 1 13 1 13 11 23 11"
                />
              </svg>
            </button>
          </div>
        </div>
      </div>
      <div
        class="btn-container"
      >
        <button
          class="rpgui-button btn"
          disabled=""
        >
          Create
        </button>
      </div>
    </div>
  </div>
</body>
`;
