// Jest Snapshot v1, https://goo.gl/fbAQLP

exports[`DungeonLevelUp renders attribute selection when points are available: DungeonLevelUp Attribute Selection 1`] = `
<body>
  <div>
    <div
      class="levelup-container"
    >
      <h2>
        Level 
        1
         reached!
      </h2>
      <div
        class="rpgui-container container framed framed-golden attribute-container"
      >
        <h2>
          Attributes
        </h2>
        <p>
          Available points: 
          2
        </p>
        <hr
          class="separator"
        />
        <div
          class="attribute"
        >
          <p>
            Health
          </p>
          <div
            class="attr-controller"
          >
            <button
              class="icon-button medium "
              disabled=""
            >
              <svg
                fill="currentColor"
                id="Minus"
                viewBox="0 0 24 24"
                xmlns="http://www.w3.org/2000/svg"
              >
                <rect
                  height="2"
                  width="22"
                  x="1"
                  y="11"
                />
              </svg>
            </button>
            <p>
              1
            </p>
            <button
              class="icon-button medium "
            >
              <svg
                fill="currentColor"
                id="Plus"
                viewBox="0 0 24 24"
                xmlns="http://www.w3.org/2000/svg"
              >
                <polygon
                  points="23 11 23 13 13 13 13 23 11 23 11 13 1 13 1 11 11 11 11 1 13 1 13 11 23 11"
                />
              </svg>
            </button>
          </div>
        </div>
        <div
          class="attribute"
        >
          <p>
            Strength
          </p>
          <div
            class="attr-controller"
          >
            <button
              class="icon-button medium "
              disabled=""
            >
              <svg
                fill="currentColor"
                id="Minus"
                viewBox="0 0 24 24"
                xmlns="http://www.w3.org/2000/svg"
              >
                <rect
                  height="2"
                  width="22"
                  x="1"
                  y="11"
                />
              </svg>
            </button>
            <p>
              1
            </p>
            <button
              class="icon-button medium "
            >
              <svg
                fill="currentColor"
                id="Plus"
                viewBox="0 0 24 24"
                xmlns="http://www.w3.org/2000/svg"
              >
                <polygon
                  points="23 11 23 13 13 13 13 23 11 23 11 13 1 13 1 11 11 11 11 1 13 1 13 11 23 11"
                />
              </svg>
            </button>
          </div>
        </div>
        <div
          class="attribute"
        >
          <p>
            Agility
          </p>
          <div
            class="attr-controller"
          >
            <button
              class="icon-button medium "
              disabled=""
            >
              <svg
                fill="currentColor"
                id="Minus"
                viewBox="0 0 24 24"
                xmlns="http://www.w3.org/2000/svg"
              >
                <rect
                  height="2"
                  width="22"
                  x="1"
                  y="11"
                />
              </svg>
            </button>
            <p>
              1
            </p>
            <button
              class="icon-button medium "
            >
              <svg
                fill="currentColor"
                id="Plus"
                viewBox="0 0 24 24"
                xmlns="http://www.w3.org/2000/svg"
              >
                <polygon
                  points="23 11 23 13 13 13 13 23 11 23 11 13 1 13 1 11 11 11 11 1 13 1 13 11 23 11"
                />
              </svg>
            </button>
          </div>
        </div>
        <div
          class="attribute"
        >
          <p>
            Precision
          </p>
          <div
            class="attr-controller"
          >
            <button
              class="icon-button medium "
              disabled=""
            >
              <svg
                fill="currentColor"
                id="Minus"
                viewBox="0 0 24 24"
                xmlns="http://www.w3.org/2000/svg"
              >
                <rect
                  height="2"
                  width="22"
                  x="1"
                  y="11"
                />
              </svg>
            </button>
            <p>
              1
            </p>
            <button
              class="icon-button medium "
            >
              <svg
                fill="currentColor"
                id="Plus"
                viewBox="0 0 24 24"
                xmlns="http://www.w3.org/2000/svg"
              >
                <polygon
                  points="23 11 23 13 13 13 13 23 11 23 11 13 1 13 1 11 11 11 11 1 13 1 13 11 23 11"
                />
              </svg>
            </button>
          </div>
        </div>
      </div>
      <hr
        class="separator"
      />
      <button
        class="rpgui-button btn"
        disabled=""
      >
        Assign
      </button>
    </div>
  </div>
</body>
`;

exports[`DungeonLevelUp renders correctly: DungeonLevelUp 1`] = `
<body>
  <div>
    <div
      class="levelup-container"
    >
      <h2>
        Level 
        1
         reached!
      </h2>
      <p>
        Choose your reward:
      </p>
      <div
        class="reward-selection-container"
      >
        <button
          class="golden-button reward-button"
        >
          <div
            class="rpgui-container container framed framed-golden-2 golden-container"
          >
            <div
              class="reward-button-container"
            >
              <div
                class="rpgui-icon book reward-icon"
              />
              <div
                class="reward-button-content"
              >
                <p
                  class="reward-title"
                >
                  Test Attack
                </p>
                <p
                  class="reward-subtitle"
                >
                  <i>
                    Cooldown: 1
                  </i>
                </p>
                <p
                  class="reward-description"
                >
                  Test Description
                </p>
              </div>
            </div>
          </div>
        </button>
        <hr
          class="separator golden"
        />
        <button
          class="golden-button reward-button"
        >
          <div
            class="rpgui-container container framed framed-golden-2 golden-container"
          >
            <div
              class="reward-button-container"
            >
              <div
                class="rpgui-icon potion reward-icon"
              />
              <div
                class="reward-button-content"
              >
                <p
                  class="reward-title"
                >
                  Attribute
                </p>
                <p
                  class="reward-subtitle"
                >
                  <i />
                </p>
                <p
                  class="reward-description"
                >
                  Improve 2 attributes
                </p>
              </div>
            </div>
          </div>
        </button>
      </div>
    </div>
  </div>
</body>
`;
