// Jest Snapshot v1, https://goo.gl/fbAQLP

exports[`App renders correctly: App 1`] = `
<body>
  <div>
    <div
      class="rpgui-content"
    >
      <div
        class="rpgui-container container framed full-page scrollable home-container"
        style="background-image: url(home.png); background-repeat: no-repeat; background-size: cover; background-position: bottom;"
      >
        <h1
          class="main-title"
        >
          Eternal Depths
        </h1>
        <hr
          class="separator golden"
        />
        <div
          class="button-menu"
        >
          <a
            href="/new-character"
          >
            <button
              class="rpgui-button btn"
            >
              New Character
            </button>
          </a>
          <a
            href="/leaderboard"
          >
            <button
              class="rpgui-button btn"
            >
              Leaderboard
            </button>
          </a>
        </div>
      </div>
    </div>
  </div>
</body>
`;
